// Jest Snapshot v1, https://goo.gl/fbAQLP

exports[`TransactionDetailCardSnapshot should render pending transaction card 1`] = `
<View
  style={
    Object {
      "backgroundColor": "white",
    }
  }
>
  <View
    style={
      Object {
        "borderBottomColor": "#f9f9f9",
        "borderBottomWidth": 1,
        "padding": 20,
      }
    }
  >
    <Text
      style={
        Object {
          "fontSize": 16,
          "fontWeight": "600",
        }
      }
    >
      ID TRANSAKSI: #
      1231
    </Text>
  </View>
  <View
    style={
      Object {
        "borderBottomColor": "#ebebeb",
        "borderBottomWidth": 2,
        "flexDirection": "row",
        "justifyContent": "space-between",
        "padding": 20,
      }
    }
  >
    <Text
      style={
        Object {
          "fontSize": 16,
          "fontWeight": "600",
        }
      }
    >
      DETAIL TRANSAKSI
    </Text>
    <View
      accessible={true}
      collapsable={false}
      focusable={true}
      onBlur={[Function]}
      onClick={[Function]}
      onFocus={[Function]}
      onResponderGrant={[Function]}
      onResponderMove={[Function]}
      onResponderRelease={[Function]}
      onResponderTerminate={[Function]}
      onResponderTerminationRequest={[Function]}
      onStartShouldSetResponder={[Function]}
    >
      <Text
        style={
          Object {
            "color": "#fd6542",
            "fontSize": 15,
            "fontWeight": "600",
          }
        }
      >
        Tutup
      </Text>
    </View>
  </View>
  <View
    style={
      Object {
        "paddingBottom": 10,
        "paddingHorizontal": 20,
        "paddingTop": 20,
      }
    }
  >
    <Text
      style={
        Object {
          "fontSize": 16,
          "fontWeight": "600",
        }
      }
    >
      SENDER Bank
       → 
      BENEF Bank
    </Text>
  </View>
  <View>
    <View
      style={
        Object {
          "flexDirection": "row",
          "justifyContent": "space-between",
          "paddingHorizontal": 20,
          "paddingVertical": 10,
        }
      }
    >
      <View>
        <Text
          style={
            Object {
              "fontWeight": "bold",
            }
          }
        >
          BENEF Name
        </Text>
        <Text>
          account number
        </Text>
      </View>
      <View>
        <Text
          style={
            Object {
              "fontWeight": "bold",
            }
          }
        >
          NOMINAL
        </Text>
        <Text>
          Rp10.000
        </Text>
      </View>
    </View>
    <View
      style={
        Object {
          "flexDirection": "row",
          "justifyContent": "space-between",
          "paddingHorizontal": 20,
          "paddingVertical": 10,
        }
      }
    >
      <View>
        <Text
          style={
            Object {
              "fontWeight": "bold",
            }
          }
        >
          BERITA TRANSFER
        </Text>
        <Text>
          remark
        </Text>
      </View>
      <View>
        <Text
          style={
            Object {
              "fontWeight": "bold",
            }
          }
        >
          KODE UNIK
        </Text>
        <Text>
          124
        </Text>
      </View>
    </View>
    <View
      style={
        Object {
          "flexDirection": "row",
          "justifyContent": "space-between",
          "paddingHorizontal": 20,
          "paddingVertical": 10,
        }
      }
    >
      <View>
        <Text
          style={
            Object {
              "fontWeight": "bold",
            }
          }
        >
          WAKTU DIBUAT
        </Text>
        <Text>
          7 August 2020
        </Text>
      </View>
    </View>
  </View>
</View>
`;

exports[`TransactionDetailCardSnapshot should render success transaction card 1`] = `
<View
  style={
    Object {
      "backgroundColor": "white",
    }
  }
>
  <View
    style={
      Object {
        "borderBottomColor": "#f9f9f9",
        "borderBottomWidth": 1,
        "padding": 20,
      }
    }
  >
    <Text
      style={
        Object {
          "fontSize": 16,
          "fontWeight": "600",
        }
      }
    >
      ID TRANSAKSI: #
      1231
    </Text>
  </View>
  <View
    style={
      Object {
        "borderBottomColor": "#ebebeb",
        "borderBottomWidth": 2,
        "flexDirection": "row",
        "justifyContent": "space-between",
        "padding": 20,
      }
    }
  >
    <Text
      style={
        Object {
          "fontSize": 16,
          "fontWeight": "600",
        }
      }
    >
      DETAIL TRANSAKSI
    </Text>
    <View
      accessible={true}
      collapsable={false}
      focusable={true}
      onBlur={[Function]}
      onClick={[Function]}
      onFocus={[Function]}
      onResponderGrant={[Function]}
      onResponderMove={[Function]}
      onResponderRelease={[Function]}
      onResponderTerminate={[Function]}
      onResponderTerminationRequest={[Function]}
      onStartShouldSetResponder={[Function]}
    >
      <Text
        style={
          Object {
            "color": "#fd6542",
            "fontSize": 15,
            "fontWeight": "600",
          }
        }
      >
        Tutup
      </Text>
    </View>
  </View>
  <View
    style={
      Object {
        "paddingBottom": 10,
        "paddingHorizontal": 20,
        "paddingTop": 20,
      }
    }
  >
    <Text
      style={
        Object {
          "fontSize": 16,
          "fontWeight": "600",
        }
      }
    >
      SENDER Bank
       → 
      BENEF Bank
    </Text>
  </View>
  <View>
    <View
      style={
        Object {
          "flexDirection": "row",
          "justifyContent": "space-between",
          "paddingHorizontal": 20,
          "paddingVertical": 10,
        }
      }
    >
      <View>
        <Text
          style={
            Object {
              "fontWeight": "bold",
            }
          }
        >
          BENEF Name
        </Text>
        <Text>
          account number
        </Text>
      </View>
      <View>
        <Text
          style={
            Object {
              "fontWeight": "bold",
            }
          }
        >
          NOMINAL
        </Text>
        <Text>
          Rp10.000
        </Text>
      </View>
    </View>
    <View
      style={
        Object {
          "flexDirection": "row",
          "justifyContent": "space-between",
          "paddingHorizontal": 20,
          "paddingVertical": 10,
        }
      }
    >
      <View>
        <Text
          style={
            Object {
              "fontWeight": "bold",
            }
          }
        >
          BERITA TRANSFER
        </Text>
        <Text>
          remark
        </Text>
      </View>
      <View>
        <Text
          style={
            Object {
              "fontWeight": "bold",
            }
          }
        >
          KODE UNIK
        </Text>
        <Text>
          124
        </Text>
      </View>
    </View>
    <View
      style={
        Object {
          "flexDirection": "row",
          "justifyContent": "space-between",
          "paddingHorizontal": 20,
          "paddingVertical": 10,
        }
      }
    >
      <View>
        <Text
          style={
            Object {
              "fontWeight": "bold",
            }
          }
        >
          WAKTU DIBUAT
        </Text>
        <Text>
          7 August 2020
        </Text>
      </View>
    </View>
  </View>
</View>
`;
